Testing connection to Supabase...
URL: https://tqlvijmnfqohmfiybxlf.supabase.co
node : Connection failed: {
At line:1 char:1
+ node test-supabase.js > 
test-output.txt 2>&1
+ ~~~~~~~~~~~~~~~~~~~~~~~~~~~~
~~~~~~~~~~~~~~~~
    + CategoryInfo          : 
    NotSpecified: (Connectio  
  n failed: {:String) [], R   
 emoteException
    + FullyQualifiedErrorId : 
    NativeCommandError
 
  message: 'TypeError: fetch 
failed',
  details: 'TypeError: fetch 
failed\n' +
    '\n' +
    'Caused by: Error: 
getaddrinfo ENOTFOUND tqlvijmn
fqohmfiybxlf.supabase.co 
(ENOTFOUND)\n' +
    'Error: getaddrinfo 
ENOTFOUND tqlvijmnfqohmfiybxlf
.supabase.co\n' +
    '    at GetAddrInfoReqWrap
.onlookupall [as oncomplete] 
(node:dns:122:26)',
  hint: '',
  code: ''
}
Suggestion: Check your 
internet connection or if the 
Supabase project is active.
